# Create a graph
created graph testGraph

# Add 1 node
added node Node1 to testGraph