loaded graph hp

unknown character HAWK
unknown character BUZZ