# Load graph 
loaded graph harryPotter

# find path 
path from Harry to Harry: